=== Run 2026-06-08 11:35:41  mode=backward  limit=∞  output=output/ ===

11:36:35  轮回 (吉福王) [完结]  194p→165章  1783KB  OK
          https://www.52shuku.net/gl/28_b/bkclw.html
          第1章 楔子:637  第2章 尘封:2271  第3章 回溯:2704  第4章 孽乱:1967  第5章 鬼怪:3208  第6章 驱邪:2853
          第7章 初遇:2911  第8章 登基:2315  第9章 国师:2793  第10章 袭爵:2466  第11章 朋友:2291  第12章 暧昧:1832
          第13章 名字:4090  第14章 摆阵:3099  第15章 喜欢:1910  第16章 密旨:2496  第17章 出征:2524  第18章 献计:3908
          第19章 暗流:3083  第20章 败露:3776  第21章 封赏:2673  第22章 参军:3207  第23章 初吻:3430  第24章 太子:2764
          第25章 业力:3395  第26章 战争:3111  第27章 重伤:3591  第28章 拜会:2798  第29章 议亲:4028  第30章 出使:3143
          第31章 东虞:3038  第32章 宫宴:2850  第33章 野心:4592  第34章 大婚:3120  第35章 醉酒:3203  第36章 查案:3619
          第37章 暗杀:4637  第38章 诱敌:3625  第39章 暗卫:4534  第40章 旧因:3226  第41章 皇后:3379  第42章 离别:4599
          第43章 挟令:3273  第44章 策反:2583  第45章 上元:3932  第46章 埋城:3471  第47章 送葬:4743  第48章 女皇:4394
          第49章 轮回:3336  第50章 番外:2584  第51章 往生:1987  第52章 初见:4428  第53章 回家:4156  第54章 风波:4199
          第55章 心思:3538  第56章 联谊:3684  第57章 苏家:3961  第58章 接送:3653  第59章 招安:3795  第60章 端倪:3431
          第61章 嫁祸:3736  第62章 周旋:3852  第63章 禁闭:3474  第64章 爱情:4131  第65章 处分:3921  第66章 家人:3234
          第67章 聚会:5365  第68章 醉夜:3814  第69章 余韵:3227  第70章 新年:4185  第71章 约会:3047  第72章 野炊:3403
          第73章 升职:3185  第74章 高考:4471  第75章 喜报:4900  第76章 混乱:3657  第77章 劫害:4726  第78章 逮捕:4271
          第79章 判刑:4205  第80章 葬礼:4683  第81章 监狱:3830  第82章 立功:3183  第83章 开除:3377  第84章 严打:3140
          第85章 出狱:3984  第86章 接风:3641  第87章 放纵:3479  第88章 情敌:4130  第89章 追寻:3509  第90章 团聚:3798
          第91章 错过:3517  第92章 故地:3204  第93章 远行:3382  第94章 山村:3294  第95章 过年:3543  第96章 婚礼:3956
          第97章 起灵:4604  第98章 重逢:3681  第99章 病重:4175  第100章 生死:6254  第101章 番外:2684  第102章 邂逅:4438
          第103章 烙印:3112  第104章 姐姐:4825  第105章 心动:4834  第106章 恋爱:3846  第107章 过往:5191  第108章 初恋:3298
          第109章 心锁:3948  第110章 午宴:3905  第111章 夜遇:3415  第112章 交融:3376  第113章 除夕:3626  第114章 沈家:3963
          第115章 升职:3457  第116章 见鬼:4562  第117章 约会:3258  第118章 综艺:3237  第119章 留宿:3312  第120章 悖德:3572
          第121章 投毒:6063  第122章 风暴:4461  第123章 雷霆:4165  第124章 掉马:4086  第125章 爱情:3392  第126章 医院:3586
          第127章 宿命:4056  第128章 骚扰:3350  第129章 整治:3234  第130章 亲人:4100  第131章 车祸:4478  第132章 分离:3755
          第133章 撞破:4121  第134章 想你:3541  第135章 遇袭:5224  第136章 反杀:3630  第137章 升职:3348  第138章 家宴:4174
          第139章 前世:3666  第140章 惊雷:3781  第141章 命运:3794  第142章 永恒:3368  第143章 征召:3317  第144章 两地:3365
          第145章 归来:3732  第146章 部队:3199  第147章 离岛:3229  第148章 孩子:4122  第149章 浮世:4278  第150章 此生:3126
          第151章 抉择:3845  第152章 伙伴:3441  第153章 恋爱:3563  第154章 告白:3272  第155章 心事:3126  第156章 志愿:3090
          第157章 吃醋:3339  第158章 情敌:3473  第159章 交锋:3542  第160章 吸引:3804  第161章 游戏:3524  第162章 初吻:3765
          第163章 追你:3116  第164章 婚礼:3653  第165章 轮回:2367

11:37:10  蓄意撩拨，禁欲姐姐低声诱哄 (追光的阿寻) [完结+番外]  90p→129章  827KB  OK
          https://www.52shuku.net/gl/27_b/bkckJ.html
          第1章 沈蓁是她的药:2070  第2章 是我自己愿意的:2246  第3章 乖，小声点，你男朋友在外面:2299  第4章 你把我当什么人了:2168  第5章 她是顾总，不是出租屋的小哑巴:2129  第6章 同他们断干净，跟我:2276
          第7章 蓁蓁，过来:2142  第8章 心酸吃醋:2108  第9章 她的爱在疯长:2161  第10章 蓁蓁，这才是欺负:2275  第11章 资本家的钱不好赚啊:2230  第12章 她的爱人又回来了:2206
          第13章 她只是想用钱羞辱你:2240  第14章 先说不爱的是你:2143  第15章 乖，闭上眼睛感受:2072  第16章 她当年差点丢了半条命:2305  第17章 看着我，哭出来:2076  第18章 沈淮出现:2179
          第19章 只想弄死沈淮:2203  第20章 阿书，对不起，又给你惹麻烦了:2240  第21章 蓁蓁，我不介意换个方式感谢:2183  第22章 只要是关于你的事，我都不觉得累:2235  第23章 生为女子就是原罪:2172  第24章 如果她爱你……:2211
          第25章 沈蓁啊，是时候勇敢一点了:2234  第26章 外婆只希望你幸福:2166  第27章 阿书是恋爱脑:2215  第28章 她的阿书是全世界最好看的人:2179  第29章 她是她的光:2137  第30章 乖，叫姐姐就原谅你:2277
          第31章 她的女孩很耀眼:2216  第32章 去房间等我:2153  第33章 感谢要有诚意啊:2054  第34章 攀上高枝连父母都不认了:2189  第35章 还做了多少我不知道的事:2164  第36章 阿书，爱我:2177
          第37章 我想看你在浴缸里的样子:2256  第38章 蓁蓁，好看么？:2030  第39章 蓁蓁，别怕:2146  第40章 团团和书姨姨都爱你:2046  第41章 蓁蓁，我们睡觉吧:2039  第42章 奶油好吃吗:2135
          第43章 我家属不方便加别人微信:2093  第44章 委屈来了挡都挡不住:2232  第45章 什么时候都可以相信我:2166  第46章 爱从来不是病:2118  第47章 予书无处安放的魅力:2098  第48章 只有你是我的娇花:2072
          第49章 乖乖在家等我:2155  第50章 扯开领口视频:2129  第51章 再不回来，小心后院着火:2055  第52章 爱人先爱己:2091  第53章 人与人是不一样的:2113  第54章 红杏出墙了:2034
          第55章 定最近的机票回去:2034  第56章 我也想看看蓁蓁最好看的样子:2122  第57章 予书很记仇:1555  第58章 不累的话，我们继续:2177  第59章 医生说要克制:2050  第60章 阿书的深情:2122
          第61章 敢跑，打断腿:2089  第62章 爷爷成了榜一大哥？:2004  第63章 蓁蓁，我们回房间吧:2188  第64章 三人一起要注意身体啊:2117  第65章 如果先遇见，你会选我么:2098  第66章 幸福和荣耀我都能给:2047
          第67章 有的人错过可能就是一生:2154  第68章 想要直接说:1856  第69章 姐带你嗨翻全场:2056  第70章 小姐姐，你好像我老婆哦:2167  第71章 蓁蓁，我是谁:2014  第72章 在我身边不用去讨好任何人:2083
          第73章 姐姐不记得我了么？:2030  第74章 护着沈婉:2014  第75章 蓁蓁，我来了:2023  第76章 我希望她幸福:2099  第77章 我会护好你的:2087  第78章 你是派来勾引我的么:2010
          第79章 在办公室还没试过:2001  第80章 书姐姐，你好厉害哦:2098  第81章 姐姐，不愿意么:2033  第82章 你家那位吃醋了:2050  第83章 抽个时间去结婚吧:2077  第84章 她的爱不够勇敢:2007
          第85章 自己的老婆自己管:2057  第86章 她现在是沈总了:2116  第87章 想她想的难受:2063  第88章 单身狗不懂情趣:2035  第89章 你弄疼我了:2026  第90章 顾予书是她的药:2003
          第91章 阿书，抱抱:2011  第92章 世间万物都不敌一个她:2013  第93章 老婆，一起吧:2007  第94章 我女朋友在等我:2048  第95章 老婆，给我个身份吧:2024  第96章 姐姐要试试么？:2013
          第97章 蓁蓁，我怕:2035  第98章 我认清我的心了:2018  第99章 老婆，晚安:2041  第100章 老爷子屈服金钱和权威之下:2012  第101章 爱遇万难，爱赢万难:2061  第102章 还是老婆香:2066
          第103章 我老婆在等我:2022  第104章 拍婚纱照:2020  第105章 婚礼:2042  第106章 回老家:2011  第107章 我是你永远的退路:2009  第108章 外婆跟你道歉:2045
          第109章 阿书，我没有外婆了:2011  第110章 你一直都是我的偏爱:2072  第111章 她希望她的女孩可以高傲如公主:2012  第112章 叫她姐姐，你也配？:2008  第113章 顾总好福气:2021  第114章 我表现的不够明显么:2093
          第115章 早安，女朋友:2120  第116章 吓唬小孩子:2065  第117章 两个孙女都是恋爱脑:2022  第118章 新年:2055  第119章 爱你，朝朝暮暮:2014  第120章 想有个女儿:2030
          第121章 我们一起保护你:2005  第122章 爱你万千:3021  第123章 瑜黎番外：听说你一整晚都在找我？:2065  第124章 瑜黎番外：美女，谈个恋爱么？:2002  第125章 瑜黎番外：钟黎是胆小鬼啊:2270  第126章 瑜黎番外：钟黎，你混蛋！:2051
          第127章 姜瑜番外：小瑜儿一定爱惨她了吧？:1477  第128章 瑜黎番外：大结局:2094  第129章 中秋节番外:3012

11:37:34  老婆是影后 (唐短短) [完结+番外]  63p→73章  570KB  OK
          https://www.52shuku.net/gl/27_b/bkckG.html
          第1章 网恋？:3443  第2章 初见:3451  第3章 我有的老婆也得有:3151  第4章 她是十八线啊！:3047  第5章 吃！吃大口的！:3080  第6章 错了？:3104
          第7章 亲亲:3363  第8章 杀青啦！:3146  第9章 在家:3285  第10章 我大姨妈来了:3470  第11章 综艺上:3059  第12章 综艺中:3019
          第13章 综艺下:3004  第14章 惊喜？惊吓？:3009  第15章 嘴硬:3113  第16章 撑腰:3049  第17章 试镜成功:2708  第18章 探班:2315
          第19章 蹭热度？:2126  第20章 宵夜:2050  第21章 送人:2060  第22章 (?O｀):1707  第23章 (^^)/:1500  第24章 (^_^)ノ:1639
          第25章 为什么？:2222  第26章 澄清（倒v开始）:1446  第27章 (￣ｏ￣):2157  第28章 结束:2066  第29章 见面:2015  第30章 厚脸皮的苏老师:2333
          第31章 掩月山庄（倒v结束）:2158  第32章 温泉:6063  第33章 街头突袭:2250  第34章 第一条比较重要:2330  第35章 搬家:3035  第36章 宁宁:3046
          第37章 蹭饭啦:3019  第38章 早上:2456  第39章 儿童节篇《番外可不买》:2063  第40章 自言自语的人类:2097  第41章 火锅:3011  第42章 我吃出你做的饭了:3052
          第43章 搞事的节目组:3009  第44章 自食其力:2021  第45章 小锦鲤:2226  第46章 戏精家庭:1346  第47章 白嫖午饭了:2179  第48章 再也不吃关知以做的饭了:3089
          第49章 去福利院:2021  第50章 快去门口罚站:2002  第51章 我有办法:2520  第52章 昨天真的很委屈:2594  第53章 成功:3452  第54章 你说啥！:2229
          第55章 是我，苏颐！:2208  第56章 走大运:2168  第57章 试镜:2366  第58章 加一场戏:3160  第59章 一家子:2608  第60章 澈澈也要礼物:2180
          第61章 坦白:2363  第62章 接:2055  第63章 我碰到江竹了！:2309  第64章 到时候就知道了:2617  第65章 崩了:2360  第66章 怎么可能坐那车:2219
          第67章 小镇:2572  第68章 师太:3079  第69章 种地:2588  第70章 唐清瑶:3079  第71章 回A市:2051  第72章 正文完:1433
          第73章 完结啦（番外）:1745

11:37:49  蓝霸服归你 (惟屿) [完结]  29p→23章  247KB  OK
          https://www.52shuku.net/gl/27_b/bkckF.html
          第1章:4280  第2章:3652  第3章:3633  第4章:3011  第5章:3180  第6章:3084
          第7章:3233  第8章:3091  第9章:3149  第10章:3073  第11章:2619  第12章:2948
          第13章:2152  第14章:2531  第15章:2404  第16章:4301  第17章:3946  第18章:3837
          第19章:2502  第20章:4194  第21章:3876  第22章:6215  第23章:6430

11:38:19  和冷面经理HE了 (修鑫) [完结+番外]  72p→69章  646KB  OK
          https://www.52shuku.net/gl/27_b/bkckE.html
          第1章 倾慕已久:3305  第2章 如雷贯耳:3089  第3章 不分伯仲:3108  第4章 她好香啊:3122  第5章 结伴同行:3093  第6章 结伴出差:3075
          第7章 结伴出差（下）:3292  第8章 共处一室:3150  第9章 缘来是你:2965  第10章 嬉皮笑脸:3299  第11章 再创神话:3758  第12章 误会解除:3102
          第13章 涕泪横流:3180  第14章 小鹿乱撞:3281  第15章 美人心计:3395  第16章 亲亲:3176  第17章 血光之灾:3316  第18章 悲观:3156
          第19章 躲避:2936  第20章 梦想:3400  第21章 捡了只猫:3242  第22章 培训:3343  第23章 别扭:3298  第24章 吃醋:3347
          第25章 贵人:3272  第26章 老婆:3041  第27章 约法三章:3532  第28章 管教:3212  第29章 恶毒:3196  第30章 护姐狂魔:3219
          第31章 戒指:3374  第32章 “好心”:3232  第33章 公开:3170  第34章 礼物:3348  第35章 被坑:3232  第36章 表哥:3386
          第37章 污点:3387  第38章 约会:3074  第39章 争吵:3040  第40章 执着:3298  第41章 拦路虎:3113  第42章 消失:3237
          第43章 分手:3112  第44章 猫咪引路:2682  第45章 勇往直前:2497  第46章 腹黑本色:3026  第47章 大闹会议室:3289  第48章 “阴谋”:3143
          第49章 笑而不语:3087  第50章 两个戏精:3299  第51章 和好:2567  第52章 小功臣:2587  第53章 秋后算账:3063  第54章 证据:2649
          第55章 神秘男人:2684  第56章 请假条:0  第57章 偶遇:2538  第58章:2841  第59章 谈心:3730  第60章 过敏:2577
          第61章 数罪并罚:2618  第62章 求婚:4136  第63章 夜游迎曦:3240  第64章 通关:3700  第65章 年会:2501  第66章 婚礼:4418
          第67章 番外之旅游:2453  第68章 番外之婚后:3700  第69章 番外之油王的出逃炸毛小娇妻:2110

11:38:58  南都旧梦 (燊栖客) [完结]  103p→105章  948KB  OK
          https://www.52shuku.net/gl/26_b/bkcko.html
          第1章:2980  第2章:2569  第3章:3344  第4章:4253  第5章:2713  第6章:2121
          第7章:2201  第8章:2129  第9章:2652  第10章:2140  第11章:2108  第12章:1786
          第13章:2230  第14章:2063  第15章:3311  第16章:2023  第17章:2634  第18章:2124
          第19章:1998  第20章:2589  第21章:2676  第22章:3027  第23章:2058  第24章:2202
          第25章:2129  第26章:2843  第27章:2856  第28章:4032  第29章:2183  第30章:2383
          第31章:2802  第32章:2729  第33章:4625  第34章:2100  第35章:2886  第36章:2116
          第37章:3042  第38章:3050  第39章:2410  第40章:3042  第41章:3462  第42章:3328
          第43章:2880  第44章:3622  第45章:3141  第46章:3726  第47章:3157  第48章:2191
          第49章:2953  第50章:2200  第51章:4394  第52章:3578  第53章:2555  第54章:3467
          第55章:3125  第56章:2808  第57章:3749  第58章:3056  第59章:3615  第60章:3429
          第61章:3034  第62章:3069  第63章:2698  第64章:2463  第65章:4021  第66章:3061
          第67章:2946  第68章:3749  第69章:3023  第70章:3098  第71章:2604  第72章:2932
          第73章:2095  第74章:3205  第75章:3256  第76章:2410  第77章:2720  第78章:2974
          第79章:3090  第80章:2628  第81章:2770  第82章:3578  第83章:2480  第84章:4018
          第85章:5176  第86章:3958  第87章:4426  第88章:5064  第89章:2765  第90章:3025
          第91章:2630  第92章:3383  第93章:2698  第94章:3753  第95章:3917  第96章:3724
          第97章:3042  第98章:2677  第99章:2770  第100章:2783  第101章:4696  第102章:2896
          第103章:2755  第104章:1503  第105章:5542

11:39:43  你好，王女殿下 (温以若) [完结+番外]  117p→108章  1027KB  OK
          https://www.52shuku.net/gl/26_b/bkckn.html
          第1章 穿越后美人环绕:4075  第2章 带着小歌姬跑路:3438  第3章 作别小歌姬？:3442  第4章 傻子花星王:3213  第5章 黑粉店败坏本王女名声:3035  第6章 到月光殿吃闭门羹:3220
          第7章 小歌姬跌入我怀中:3298  第8章 小歌姬是我的好朋友:3735  第9章 遇到毁容小女孩:3606  第10章 月光郡的近视骑士:3243  第11章 小歌姬被人抓走了:3372  第12章 一救小歌姬失败:3292
          第13章 祭司指名救援方向:3381  第14章 柳暗花明又一村:3220  第15章 骑士团又见毁容小女孩:3145  第16章 小女孩的另一层面目:3362  第17章 以貌取人络腮胡:3227  第18章 实战蟾蜍潭1:3475
          第19章 实战蟾蜍潭2:3216  第20章 实战蟾蜍潭3:3156  第21章 失踪的络腮胡:3236  第22章 月光郡的夜雨:3159  第23章 黑潭埋骨地:3505  第24章 交战前夕:3182
          第25章 鲜血流泻:3143  第26章 狂暴的森里:3234  第27章 歌咏殿的援助:3108  第28章 第一战结束:3141  第29章 来到扶里郡:3544  第30章 被郡少主夫人捉奸？:3030
          第31章 普怜我来了:3615  第32章 向普怜告白？:3151  第33章 占卜死亡预言:3526  第34章 轻松打败律非:3250  第35章 不敢保证的誓言:3125  第36章 普怜吃醋:3221
          第37章 心动的夜晚:3263  第38章 少夫人的决心:3206  第39章 又遇外族:3166  第40章 身份泄露之薇诺娜:3234  第41章 身份泄露之森里:3203  第42章 蟾蜍的心软:3077
          第43章 失明的普怜:3219  第44章 普怜的隐瞒:3039  第45章 确认心动:3098  第46章 花星王的降临:3146  第47章 去王宫已定:3256  第48章 回王宫:3097
          第49章 花心的祈福:3026  第50章 丽阳宫:3066  第51章 独行的普怜:3046  第52章 第一次交谈:3223  第53章 俯首称臣:3131  第54章 喜欢的勇敢:3013
          第55章 西西里的担忧:3050  第56章 丽阳殿的歌咏:3012  第57章 普怜的压抑:3037  第58章 两极梦境:3201  第59章 普怜的决心:3038  第60章 粉枫巨树:3036
          第61章 被强迫的婚事？:3072  第62章 索罗亚普怜亲近:3033  第63章 索罗亚的心声:3026  第64章 两厢欺骗:3032  第65章 假扮订婚对象:3091  第66章 车夫的回忆:3060
          第67章 木里家族住地下室:3026  第68章 前大祭司的奶奶:3048  第69章 出发！极寒之地:3089  第70章 救下群狼:3013  第71章 雪狼的外孙女:3013  第72章 小雪狼:3056
          第73章 雪原外族群:3066  第74章 又战森里:3007  第75章 危险的薇诺娜？:3037  第76章 又战:3014  第77章 黄昏和解:3053  第78章 孙爷终相见:3002
          第79章 狼王谈索罗亚:3014  第80章 漫原冰晶:3010  第81章 奇怪的大祭司:3011  第82章 大祭司晕倒:3054  第83章 大祭司顿悟:3007  第84章 转机与战争:3014
          第85章 外族大皇子:3080  第86章 森里的身世:3059  第87章 鸽清的嘱托:3233  第88章 月光郡分别:3063  第89章 花星王重伤:3085  第90章 索罗亚询问:3219
          第91章 突如其来的宴会:3020  第92章 仓皇离开:3012  第93章 心痛拒绝:3002  第94章 禁地之书:3112  第95章 薇诺娜的曾经:3022  第96章 王战死:3109
          第97章 守护骑士花落谁家:3063  第98章 绫泱的知心话:3028  第99章 大祭司继任典礼:3102  第100章 求婚:3072  第101章 [锁]	[本章节已锁定]:0  第102章 睡醒过后:3090
          第103章 渺茫的希望:3093  第104章 回到最初:2315  第105章 花星奇遇记1:3154  第106章 花星奇遇记2:3434  第107章 花星奇遇记3:3055  第108章 花星奇遇记4:3070

11:40:20  流年似锦 (松山听雨) [完结+番外]  94p→104章  840KB  OK
          https://www.52shuku.net/gl/26_b/bkckm.html
          第1章 楔子:2159  第2章 回国:2154  第3章 回国（二）:1997  第4章 转学:2509  第5章 高三:2518  第6章 初见:2307
          第7章 办公室:2130  第8章 考试:2058  第9章 被告白:2091  第10章 争吵:2135  第11章 课代表:2094  第12章 课代表（二）:2091
          第13章 医务室:2156  第14章 心碎:2245  第15章 情敌相见:2237  第16章 离婚？:2644  第17章 迟到:2137  第18章 冷战:2104
          第19章 明确心意:2627  第20章 承认:2020  第21章 关系缓和:2167  第22章 暧昧:2291  第23章 尴尬的沈同学:2436  第24章 受伤:2387
          第25章 受伤（二）:2070  第26章 何其有幸，再次相逢:2675  第27章 关系升温:2283  第28章 风波渐起:2923  第29章 惊天大瓜:2200  第30章 赴约:2022
          第31章 陈年旧事:2690  第32章 酒吧趣事:2128  第33章 酒后谈心:2501  第34章 酒后谈心（二）:2118  第35章 真相:2047  第36章 重新认识:2107
          第37章 陆姐姐，对不起……:2625  第38章 日常:2270  第39章 分手季:2490  第40章 酒吧闹事:3251  第41章 告白:3467  第42章 寿宴风波:2673
          第43章 意外来电:3687  第44章 宋祁:3518  第45章 放手:3751  第46章 陆华浓的往事（一）:2894  第47章 陆华浓的往事（二）:3608  第48章 和好:5143
          第49章 渐行渐远:3251  第50章 除夕（一）:3376  第51章 除夕（二）:3532  第52章 初见安辞:2550  第53章 摊牌:2609  第54章 旁敲侧击:2348
          第55章 秋雨:1465  第56章 和解:3033  第57章 宿舍:2501  第58章 正面对决:5363  第59章 家暴:2034  第60章 离别:2498
          第61章 离别（二）:2252  第62章 高考进行时:2965  第63章 高考结束:3459  第64章 出国:3060  第65章 大学生活:2611  第66章 久别重逢:4200
          第67章 吃醋:3214  第68章 安安，别走:3405  第69章 又见宋祁:3175  第70章 冰释前嫌:3060  第71章 冬日暖阳:4858  第72章 新的开始:2887
          第73章 再起风波:3385  第74章 坦白:2073  第75章 对峙:2229  第76章 陆姐姐，跟我回家吧！:3859  第77章 又逢春节:3513  第78章 我爱你:2365
          第79章 见家长（一）:2858  第80章 见家长（二）:2693  第81章 陆姐姐×姜小九:4073  第82章 我恨他:2707  第83章 又见故人:2330  第84章 分别:2178
          第85章 短信:2261  第86章 礼物:3306  第87章 离婚:2526  第88章 平行线:2567  第89章 初见:2253  第90章 再遇:1864
          第91章 江南美人，明烟:2500  第92章 在遇故人:2399  第93章 酒会:2423  第94章 心扉:2376  第95章 挽留:2017  第96章 出事:2055
          第97章 车祸:1952  第98章 醒来:2242  第99章 释怀:2014  第100章 最后:2149  第101章 番外（一）:2138  第102章 番外（二）:2560
          第103章 番外（三）:3562  第104章 番外（四）:2667

11:40:53  糖果铺 (不貔) [完结]  81p→49章  726KB  OK
          https://www.52shuku.net/gl/26_b/bkckl.html
          第1章 第一颗糖果:3659  第2章 第一颗糖果:4336  第3章 第一颗糖果:3256  第4章 第一颗糖果:3835  第5章 第一颗糖果:3575  第6章 第一颗糖果:3958
          第7章 第一颗糖果:4079  第8章 第一颗糖果:3996  第9章 第一颗糖果:4596  第10章 第一颗糖果（完）:9121  第11章 第二颗糖果:3991  第12章 第二颗糖果:3063
          第13章 第二颗糖果:3655  第14章 第二颗糖果:4560  第15章 第二颗糖果:3923  第16章 第二颗糖果:5170  第17章 第二颗糖果:3698  第18章 第二颗糖果:4374
          第19章 第二颗糖果:3478  第20章 第二颗糖果:3170  第21章 第二颗糖果:3001  第22章 第二颗糖果:4602  第23章 第二颗糖果:5484  第24章 第二颗糖果:8922
          第25章 第二颗糖果:8330  第26章 第二颗糖果:4275  第27章 第二颗糖果:5285  第28章 第二颗糖果:3928  第29章 第二颗糖果:3380  第30章 第二颗糖果:3010
          第31章 第二颗糖果:5471  第32章 第二颗糖果:7138  第33章 第二颗糖果:6009  第34章 第二颗糖果:8747  第35章 第二颗糖果:10055  第36章 第二颗糖果:9522
          第37章 第二颗糖果:7759  第38章 第二颗糖果（完）:10169  第39章 第三颗糖果:3365  第40章 第三颗糖果:3666  第41章 第三颗糖果:3569  第42章 第三颗糖果:3464
          第43章 第三颗糖果:3451  第44章 第三颗糖果:3784  第45章 第三颗糖果:3126  第46章 第三颗糖果:3528  第47章 第三颗糖果:4115  第48章 第三颗糖果:4389
          第49章 第三颗糖果（完）:6807

