=== Run 2026-06-09 11:47:03  mode=catalogue  limit=∞  output=output/ ===

11:47:31  相遇在秋末 (若飞林) [完结+番外]  74p→61章  616KB  OK
          https://www.52shuku.net/gl/08_b/bked9.html
          第1章:3144  第2章:3497  第3章:3364  第4章:3085  第5章:3039  第6章:2934
          第7章:2819  第8章:2994  第9章:2910  第10章:3066  第11章:3204  第12章:2965
          第13章:2984  第14章:2841  第15章:2974  第16章:2854  第17章:3119  第18章:2985
          第19章:3014  第20章:3092  第21章:2922  第22章:3199  第23章:3183  第24章:3225
          第25章:3169  第26章:3517  第27章:3506  第28章:3215  第29章:3207  第30章:3200
          第31章:3288  第32章:3252  第33章:3188  第34章:3291  第35章:3284  第36章:3304
          第37章:3106  第38章:3179  第39章:3256  第40章:3501  第41章:3277  第42章:3301
          第43章:3237  第44章:3401  第45章:3227  第46章:3246  第47章:3520  第48章:3211
          第49章:3221  第50章:3342  第51章:3713  第52章:3401  第53章:3198  第54章:3179
          第55章:3278  第56章:4082  第57章:3259  第58章:3317  第59章:3050  第60章 番外一:5943
          第61章 番外二:6109

11:47:50  同学，谈恋爱吗 (榴莲小蛋糕) [完结]  53p→51章  461KB  OK
          https://www.52shuku.net/gl/08_b/bked8.html
          第1章 蝉鸣:1657  第2章 是你？:1398  第3章 车厘子:1638  第4章 违纪:1765  第5章 奶茶:1440  第6章 做客:1331
          第7章 追求者:3114  第8章 黑色裙子:3032  第9章 父亲:3463  第10章 性别对立?:3246  第11章 老鼠:3038  第12章 老婆老婆:3160
          第13章 姐妹:3136  第14章 小葡萄:3082  第15章 上台:3170  第16章 流鼻血:3123  第17章 另一半:3018  第18章 小馋猫:3135
          第19章 哨兵:3143  第20章 早读:3175  第21章 校花榜:3142  第22章 女人心海底针:3086  第23章 眼神:3325  第24章 遵命，长官:3511
          第25章 温馨:3152  第26章 招待:3156  第27章 温馨日常:3252  第28章 甜甜甜:3322  第29章 小流氓:3124  第30章 世界没有永恒:3294
          第31章 变太:3400  第32章 绯闻:3054  第33章 翻白眼:3425  第34章 日常:3026  第35章 约会:3209  第36章:3150
          第37章:3084  第38章:2846  第39章:3256  第40章:3067  第41章:3050  第42章:3121
          第43章:3124  第44章:3141  第45章:3253  第46章:3042  第47章:3056  第48章:3023
          第49章:2855  第50章:3190  第51章:3456

11:48:14  她从春天里来 (纵歌云上) [完结]  53p→38章  437KB  OK
          https://www.52shuku.net/gl/08_b/bked7.html
          第1章:3872  第2章:3121  第3章:3194  第4章:3530  第5章:3133  第6章:3031
          第7章:3374  第8章:3403  第9章:3144  第10章:3035  第11章:3356  第12章:3049
          第13章:3394  第14章:3168  第15章:3444  第16章:3383  第17章:3802  第18章:3168
          第19章:2983  第20章:3825  第21章:3580  第22章:2976  第23章:3643  第24章:3838
          第25章:3145  第26章:3116  第27章:3151  第28章:3957  第29章:3516  第30章:3608
          第31章:5549  第32章 喵之章1:3381  第33章 喵之章2:5037  第34章:3269  第35章:3539  第36章:4132
          第37章:8626  第38章:7695

11:48:24  替皇兄下毒我把自己搭进去了 (云岫听澜) [完结]  21p→31章  184KB  OK
          https://www.52shuku.net/gl/08_b/bked6.html
          第1章 宫变:3960  第2章 威胁:2184  第3章 烟花:2699  第4章 密谋:3992  第5章 养伤:1225  第6章 怎么能有不好的想法呢？:1136
          第7章 刺杀:1237  第8章 莫名其妙的冲动:1089  第9章 审问刺客:1106  第10章 伤好回宫:1536  第11章 编织毒网:4768  第12章 信任问题:1727
          第13章 登马车:2208  第14章 执行计划:1608  第15章 入住王府:1182  第16章 不想训练:1232  第17章 半个月的痛苦:1496  第18章 其他心思:1021
          第19章 练剑:1436  第20章 清晨的训练:2009  第21章 断弦藏发，共簪一支白玉兰:4761  第22章 哄骗有点刁钻:1332  第23章 秋猎:252  第24章 又想搞小动作:1091
          第25章 陷入绝境:1093  第26章 昏迷不醒趁机夺权:1074  第27章 太医来了:2308  第28章 夺权行动:1973  第29章 在遇刺客:3333  第30章 断关系:1491
          第31章 谋反，定下结局:2166

11:48:54  乖乖 (徵舒) [完结]  68p→58章  605KB  OK
          https://www.52shuku.net/gl/08_b/bked5.html
          第1章 初遇:3407  第2章 见面？钓一下:3681  第3章 狼人杀？玩一玩:3381  第4章 小朋友？投喂一下:3356  第5章 小猫？摸一下:3526  第6章 谎话？说一下:3256
          第7章 台词？念一下:4428  第8章 小孩？再喂一下:3844  第9章 下雨了？接一下:4171  第10章 拍戏？同居一下:3449  第11章 晚饭？吃一下:3344  第12章 小花？看一下:3229
          第13章 散步？聊一下:3184  第14章 姐姐？梦一下:3676  第15章 暗恋？试一下:3564  第16章 人呢？救一下:3433  第17章 兔子？亲一口:5297  第18章 头发？擦一下:4488
          第19章 恋爱？谈一下:3258  第20章 美人？睡一下:3112  第21章 亲嘴？来一下:3799  第22章 回家？亲一下:3830  第23章 前任？醋一下:3334  第24章 生气？哄一下:3061
          第25章 约会？试一下:3147  第26章 同居？乐一下:3268  第27章 戒指？送一下:3569  第28章 道歉？亲一下:3471  第29章 庆功？去一下:3005  第30章 电话？接一下:3022
          第31章 黑料？爆一下:3251  第32章 分手？哭一下:3040  第33章 重逢？约一下:3129  第34章 见面？痛一下:3014  第35章 误会？伤一下:3107  第36章 巴掌？爽一下:3281
          第37章 生气？跪一下:3059  第38章 流泪？哄一下:3185  第39章 反派？舞一下:3188  第40章 灌酒？醉一下:3586  第41章 受伤？救一下:4050  第42章 示弱？抱一下:3649
          第43章 泪水？吻一下:4101  第44章 出事？去一下:3061  第45章 受伤？暖一下:3019  第46章 很贵？养一下:3437  第47章 回忆？陪一下:3851  第48章 困了？睡一下:3178
          第49章 错了？亲一下:3075  第50章 撒娇？试一下:3149  第51章 乖乖？乖一点:3164  第52章 下班？接一下:3395  第53章 失踪？吓一下:3196  第54章 车祸？救一下:3270
          第55章 小姨？来一下:3470  第56章 娇嗔？亲一下:3063  第57章 威胁？听一下:3320  第58章 夏天？终于来了:5385

11:49:35  恋综万人迷她总在觊觎我 (万絮) [完结]  95p→57章  830KB  OK
          https://www.52shuku.net/gl/07_b/bkecS.html
          第1章:3996  第2章:4514  第3章:4422  第4章:4325  第5章:4093  第6章:3026
          第7章:3111  第8章:3389  第9章:3106  第10章:3464  第11章:3307  第12章:3047
          第13章:3253  第14章:3285  第15章:3546  第16章:4158  第17章:3901  第18章:6889
          第19章:3434  第20章:6333  第21章:4915  第22章:3636  第23章:7041  第24章:4448
          第25章:5282  第26章:5366  第27章:5379  第28章:4901  第29章:4761  第30章:6703
          第31章:4130  第32章:5020  第33章:4989  第34章:5870  第35章:3816  第36章:5394
          第37章:3456  第38章:7535  第39章:5781  第40章:5735  第41章:4277  第42章:5515
          第43章:5890  第44章:4973  第45章:5361  第46章:4452  第47章:5144  第48章:5465
          第49章:5577  第50章:5909  第51章:6327  第52章:8233  第53章:6420  第54章:5870
          第55章:5229  第56章:5551  第57章 正文完:2825

11:55:40  情之系列 (马为鹿) [完结]  889p→8章  5243KB  OK
          https://www.52shuku.net/gl/25_b/bjWOF.html
          第一章:234160  第一章:206329  第一章:230472  第一章:176853  第一章:133080  第一章:197039
          第一章:157988  第一章:441814

11:56:30  都市奇情传 (马为鹿) [完结+番外]  124p  (无章节标记)  714KB  OK
          https://www.52shuku.net/gl/25_b/bjWOG.html
          全文: 242014字

11:58:26  飞升了我又穿回来了 (墨钧) [完结]  302p→157章  1628KB  OK
          https://www.52shuku.net/gl/24_b/bjWNZ.html
          第1章 飞升了，但飞升了个寂寞:3076  第2章 你的天道已到账，请查收:3395  第3章 金主、朋友，我们三:2928  第4章 折腰:3112  第5章 我的亲友都有两副面孔:2892  第6章 说好的纯爱战士呢:3046
          第7章 劳动最光荣:3003  第8章 月光落我怀:3181  第9章 对峙:2067  第10章 合同:3937  第11章 我的师妹:2561  第12章 电话:2062
          第13章 灵魂:3461  第14章 师姐:3318  第15章 试探:3050  第16章 芒果小蛋糕:2587  第17章 女人的过去:2592  第18章 你是谁:2360
          第19章 敲门声:3014  第20章 杏仁豆腐:1562  第21章 黄雀在后:1942  第22章 我的师姐:2082  第23章 李勇:2933  第24章 第三个任务对象:3121
          第25章 真与假:3001  第26章 不劳费心:3006  第27章 李盼:3260  第28章 求我:3575  第29章 改变:4125  第30章 入组:3065
          第31章 不对劲:3389  第32章 隐秘的亲密:4010  第33章 曾经:4127  第34章 小偷:4109  第35章 视频（一）:3340  第36章 恋综:4554
          第37章 组队:5738  第38章 高空秋千:5213  第39章 抱紧我:3260  第40章 下一场好戏的序幕:3363  第41章 赌一赌:5005  第42章 一个接一个:3824
          第43章 魇气:4541  第44章 察觉魇气:3273  第45章 对抗:5214  第46章 师妹:4056  第47章 神秘嘉宾:4705  第48章 绝不放手:5636
          第49章 一日女友:6284  第50章 合作:4123  第51章 常幽:3509  第52章 告白:4394  第53章 徒儿:3732  第54章 游戏:4229
          第55章 大好机会:5104  第56章 又来？？:3774  第57章 黑暗之中:3733  第58章 生变:3855  第59章 侵占:3623  第60章 亲吻:3572
          第61章 逃避:4174  第62章 下跪:3706  第63章 做朋友:3486  第64章 三人成众:3589  第65章 师姐:3373  第66章 美梦:3210
          第67章 梦:3476  第68章 直播:3586  第69章 乖一点:3346  第70章 强制执行:3635  第71章 讨好:3705  第72章 试探:3552
          第73章 试探:3444  第74章 卫潜:3454  第75章 失踪:3712  第76章 悬崖:4156  第77章 心悦你:3155  第78章 求不得:3627
          第79章 识海的异常:3472  第80章 识海深处:3281  第81章 不如来摸摸:3233  第82章 顾景明:3576  第83章 心里话:3725  第84章 线索:3338
          第85章 加我一个好不好:3625  第86章 谁是海王:3493  第87章 熟练的海王:3635  第88章 她不信任你:3601  第89章 引诱:3102  第90章 要做的事:3494
          第91章 幻象:3179  第92章 舍不得？:3394  第93章 惹了就跑:3235  第94章 只有我心疼姐姐:3388  第95章 求求啦:3491  第96章 最关心的问题:3120
          第97章 我们:3170  第98章 另一种可能:3643  第99章 识海辨真:3229  第100章 救世元君:3356  第101章 记忆:3221  第102章 好运气:3095
          第103章 安静的前奏:3322  第104章 只有我:3322  第105章 你对我很重要:3577  第106章 家人:3212  第107章 舍不得:3075  第108章 谁杀了师姐:3382
          第109章 女主角:3201  第110章 请开始你的表演:3355  第111章 试戏:3261  第112章 消除怨念:3168  第113章 交代:3515  第114章 药:3471
          第115章 诱惑:3177  第116章 暗涌:3244  第117章 变故:3232  第118章 看节目:3339  第119章 一起睡:3247  第120章 再见:3172
          第121章 演戏:3144  第122章 周樗:3046  第123章 失踪:3153  第124章 过去的一瞥:3103  第125章 真与假:3141  第126章 换一种情绪:3230
          第127章 问个清楚:3316  第128章 重演:3365  第129章 演戏而已:3242  第130章 魔主之死（上）:3139  第131章 谢罪:3284  第132章 附体:3180
          第133章 赐我一场美梦:3249  第134章 好事:3273  第135章 驱魇:3267  第136章 异变:3240  第137章 大乱前:3184  第138章 告白:3484
          第139章 常幽的打算:3130  第140章 说清:3358  第141章 离间:3560  第142章 追杀:3136  第143章 自愿:3228  第144章 卫潜死了:3117
          第145章 不要有事:3034  第146章 各自打算:3014  第147章 承认:3126  第148章 夺舍？:3362  第149章 找到了:3117  第150章 死一死:3194
          第151章 夜谈:3092  第152章 三魂归一:3128  第153章 失控:3295  第154章 选择:3023  第155章 对峙:3237  第156章 眼睛:3186
          第157章 完结:3102

=== Done: 9 scraped  0 skipped  0 failed  elapsed: 10m 37s ===
